// Jest Snapshot v1, https://goo.gl/fbAQLP

exports[`Header renders correctly 1`] = `
<Wrapper>
  <Content>
    <TextWrapper>
      <img
        alt="postmates"
        src="/images/logo.svg"
      />
      <Title>
        Postmates 
        <br />
         Open Source
      </Title>
      <Description>
        We love open-source software. Check out some of the projects we have shared with the community.
      </Description>
    </TextWrapper>
    <ImageWrapper>
      <Animation
        time={60}
      />
      <Animation
        marginTop={-280}
        time={20}
      />
    </ImageWrapper>
  </Content>
</Wrapper>
`;
